[2024-08-05T08:31:30.362+0000][gc] Using G1
[2024-08-05T08:31:30.375+0000][gc,init] Version: 17.0.12+7-Ubuntu-1ubuntu220.04 (release)
[2024-08-05T08:31:30.375+0000][gc,init] CPUs: 4 total, 4 available
[2024-08-05T08:31:30.375+0000][gc,init] Memory: 15981M
[2024-08-05T08:31:30.375+0000][gc,init] Large Page Support: Disabled
[2024-08-05T08:31:30.375+0000][gc,init] NUMA Support: Disabled
[2024-08-05T08:31:30.375+0000][gc,init] Compressed Oops: Enabled (32-bit)
[2024-08-05T08:31:30.375+0000][gc,init] Heap Region Size: 1M
[2024-08-05T08:31:30.375+0000][gc,init] Heap Min Capacity: 1G
[2024-08-05T08:31:30.375+0000][gc,init] Heap Initial Capacity: 1G
[2024-08-05T08:31:30.375+0000][gc,init] Heap Max Capacity: 1G
[2024-08-05T08:31:30.375+0000][gc,init] Pre-touch: Disabled
[2024-08-05T08:31:30.375+0000][gc,init] Parallel Workers: 4
[2024-08-05T08:31:30.375+0000][gc,init] Concurrent Workers: 1
[2024-08-05T08:31:30.375+0000][gc,init] Concurrent Refinement Workers: 4
[2024-08-05T08:31:30.375+0000][gc,init] Periodic GC: Disabled
[2024-08-05T08:31:30.382+0000][gc,metaspace] CDS archive(s) mapped at: [0x000076ed83000000-0x000076ed83bc4000-0x000076ed83bc4000), size 12337152, SharedBaseAddress: 0x000076ed83000000, ArchiveRelocationMode: 1.
[2024-08-05T08:31:30.382+0000][gc,metaspace] Compressed class space mapped at: 0x000076ed84000000-0x000076edc4000000, reserved size: 1073741824
[2024-08-05T08:31:30.382+0000][gc,metaspace] Narrow klass base: 0x000076ed83000000, Narrow klass shift: 0, Narrow klass range: 0x100000000
[2024-08-05T08:31:31.272+0000][gc,start    ] GC(0) Pause Young (Normal) (G1 Evacuation Pause)
[2024-08-05T08:31:31.273+0000][gc,task     ] GC(0) Using 4 workers of 4 for evacuation
[2024-08-05T08:31:31.278+0000][gc,phases   ] GC(0)   Pre Evacuate Collection Set: 0.1ms
[2024-08-05T08:31:31.278+0000][gc,phases   ] GC(0)   Merge Heap Roots: 0.1ms
[2024-08-05T08:31:31.278+0000][gc,phases   ] GC(0)   Evacuate Collection Set: 4.7ms
[2024-08-05T08:31:31.278+0000][gc,phases   ] GC(0)   Post Evacuate Collection Set: 0.4ms
[2024-08-05T08:31:31.278+0000][gc,phases   ] GC(0)   Other: 0.4ms
[2024-08-05T08:31:31.278+0000][gc,heap     ] GC(0) Eden regions: 51->0(44)
[2024-08-05T08:31:31.278+0000][gc,heap     ] GC(0) Survivor regions: 0->7(7)
[2024-08-05T08:31:31.278+0000][gc,heap     ] GC(0) Old regions: 0->1
[2024-08-05T08:31:31.278+0000][gc,heap     ] GC(0) Archive regions: 2->2
[2024-08-05T08:31:31.278+0000][gc,heap     ] GC(0) Humongous regions: 0->0
[2024-08-05T08:31:31.278+0000][gc,metaspace] GC(0) Metaspace: 17948K(18240K)->17948K(18240K) NonClass: 15786K(15936K)->15786K(15936K) Class: 2162K(2304K)->2162K(2304K)
[2024-08-05T08:31:31.278+0000][gc          ] GC(0) Pause Young (Normal) (G1 Evacuation Pause) 51M->8M(1024M) 5.881ms
[2024-08-05T08:31:31.278+0000][gc,cpu      ] GC(0) User=0.03s Sys=0.00s Real=0.00s
[2024-08-05T08:31:31.447+0000][gc,start    ] GC(1) Pause Young (Concurrent Start) (Metadata GC Threshold)
[2024-08-05T08:31:31.447+0000][gc,task     ] GC(1) Using 4 workers of 4 for evacuation
[2024-08-05T08:31:31.452+0000][gc,phases   ] GC(1)   Pre Evacuate Collection Set: 0.1ms
[2024-08-05T08:31:31.452+0000][gc,phases   ] GC(1)   Merge Heap Roots: 0.0ms
[2024-08-05T08:31:31.452+0000][gc,phases   ] GC(1)   Evacuate Collection Set: 4.1ms
[2024-08-05T08:31:31.452+0000][gc,phases   ] GC(1)   Post Evacuate Collection Set: 0.3ms
[2024-08-05T08:31:31.452+0000][gc,phases   ] GC(1)   Other: 0.2ms
[2024-08-05T08:31:31.452+0000][gc,heap     ] GC(1) Eden regions: 14->0(50)
[2024-08-05T08:31:31.453+0000][gc,heap     ] GC(1) Survivor regions: 7->1(7)
[2024-08-05T08:31:31.453+0000][gc,heap     ] GC(1) Old regions: 1->8
[2024-08-05T08:31:31.453+0000][gc,heap     ] GC(1) Archive regions: 2->2
[2024-08-05T08:31:31.453+0000][gc,heap     ] GC(1) Humongous regions: 0->0
[2024-08-05T08:31:31.453+0000][gc,metaspace] GC(1) Metaspace: 21322K(21504K)->21322K(21504K) NonClass: 18723K(18816K)->18723K(18816K) Class: 2599K(2688K)->2599K(2688K)
[2024-08-05T08:31:31.453+0000][gc          ] GC(1) Pause Young (Concurrent Start) (Metadata GC Threshold) 21M->9M(1024M) 5.526ms
[2024-08-05T08:31:31.453+0000][gc,cpu      ] GC(1) User=0.01s Sys=0.00s Real=0.01s
[2024-08-05T08:31:31.453+0000][gc          ] GC(2) Concurrent Mark Cycle
[2024-08-05T08:31:31.453+0000][gc,marking  ] GC(2) Concurrent Clear Claimed Marks
[2024-08-05T08:31:31.453+0000][gc,marking  ] GC(2) Concurrent Clear Claimed Marks 0.024ms
[2024-08-05T08:31:31.453+0000][gc,marking  ] GC(2) Concurrent Scan Root Regions
[2024-08-05T08:31:31.456+0000][gc,marking  ] GC(2) Concurrent Scan Root Regions 2.919ms
[2024-08-05T08:31:31.456+0000][gc,marking  ] GC(2) Concurrent Mark
[2024-08-05T08:31:31.456+0000][gc,marking  ] GC(2) Concurrent Mark From Roots
[2024-08-05T08:31:31.456+0000][gc,task     ] GC(2) Using 1 workers of 1 for marking
[2024-08-05T08:31:31.459+0000][gc,marking  ] GC(2) Concurrent Mark From Roots 3.208ms
[2024-08-05T08:31:31.459+0000][gc,marking  ] GC(2) Concurrent Preclean
[2024-08-05T08:31:31.459+0000][gc,marking  ] GC(2) Concurrent Preclean 0.069ms
[2024-08-05T08:31:31.459+0000][gc,start    ] GC(2) Pause Remark
[2024-08-05T08:31:31.461+0000][gc          ] GC(2) Pause Remark 10M->10M(1024M) 1.512ms
[2024-08-05T08:31:31.461+0000][gc,cpu      ] GC(2) User=0.00s Sys=0.01s Real=0.00s
[2024-08-05T08:31:31.461+0000][gc,marking  ] GC(2) Concurrent Mark 5.170ms
[2024-08-05T08:31:31.461+0000][gc,marking  ] GC(2) Concurrent Rebuild Remembered Sets
[2024-08-05T08:31:31.461+0000][gc,marking  ] GC(2) Concurrent Rebuild Remembered Sets 0.015ms
[2024-08-05T08:31:31.461+0000][gc,start    ] GC(2) Pause Cleanup
[2024-08-05T08:31:31.461+0000][gc          ] GC(2) Pause Cleanup 10M->10M(1024M) 0.032ms
[2024-08-05T08:31:31.461+0000][gc,cpu      ] GC(2) User=0.00s Sys=0.00s Real=0.00s
[2024-08-05T08:31:31.461+0000][gc,marking  ] GC(2) Concurrent Cleanup for Next Mark
[2024-08-05T08:31:31.465+0000][gc,marking  ] GC(2) Concurrent Cleanup for Next Mark 3.327ms
[2024-08-05T08:31:31.465+0000][gc          ] GC(2) Concurrent Mark Cycle 11.848ms
[2024-08-05T08:31:32.045+0000][gc,start    ] GC(3) Pause Young (Normal) (G1 Evacuation Pause)
[2024-08-05T08:31:32.045+0000][gc,task     ] GC(3) Using 4 workers of 4 for evacuation
[2024-08-05T08:31:32.050+0000][gc,phases   ] GC(3)   Pre Evacuate Collection Set: 0.2ms
[2024-08-05T08:31:32.050+0000][gc,phases   ] GC(3)   Merge Heap Roots: 0.1ms
[2024-08-05T08:31:32.050+0000][gc,phases   ] GC(3)   Evacuate Collection Set: 4.6ms
[2024-08-05T08:31:32.050+0000][gc,phases   ] GC(3)   Post Evacuate Collection Set: 0.4ms
[2024-08-05T08:31:32.050+0000][gc,phases   ] GC(3)   Other: 0.1ms
[2024-08-05T08:31:32.050+0000][gc,heap     ] GC(3) Eden regions: 50->0(45)
[2024-08-05T08:31:32.050+0000][gc,heap     ] GC(3) Survivor regions: 1->6(7)
[2024-08-05T08:31:32.050+0000][gc,heap     ] GC(3) Old regions: 8->8
[2024-08-05T08:31:32.050+0000][gc,heap     ] GC(3) Archive regions: 2->2
[2024-08-05T08:31:32.050+0000][gc,heap     ] GC(3) Humongous regions: 129->129
[2024-08-05T08:31:32.050+0000][gc,metaspace] GC(3) Metaspace: 30851K(31168K)->30851K(31168K) NonClass: 27304K(27456K)->27304K(27456K) Class: 3546K(3712K)->3546K(3712K)
[2024-08-05T08:31:32.050+0000][gc          ] GC(3) Pause Young (Normal) (G1 Evacuation Pause) 188M->143M(1024M) 5.511ms
[2024-08-05T08:31:32.050+0000][gc,cpu      ] GC(3) User=0.02s Sys=0.00s Real=0.01s
[2024-08-05T08:31:32.294+0000][gc,heap,exit] Heap
[2024-08-05T08:31:32.294+0000][gc,heap,exit]  garbage-first heap   total 1048576K, used 159431K [0x00000000c0000000, 0x0000000100000000)
[2024-08-05T08:31:32.294+0000][gc,heap,exit]   region size 1024K, 18 young (18432K), 6 survivors (6144K)
[2024-08-05T08:31:32.294+0000][gc,heap,exit]  Metaspace       used 32282K, committed 32576K, reserved 1114112K
[2024-08-05T08:31:32.294+0000][gc,heap,exit]   class space    used 3773K, committed 3904K, reserved 1048576K
