[2024-08-05T08:21:32.569+0000][gc] Using G1
[2024-08-05T08:21:32.583+0000][gc,init] Version: 17.0.12+7-Ubuntu-1ubuntu220.04 (release)
[2024-08-05T08:21:32.583+0000][gc,init] CPUs: 4 total, 4 available
[2024-08-05T08:21:32.583+0000][gc,init] Memory: 15981M
[2024-08-05T08:21:32.583+0000][gc,init] Large Page Support: Disabled
[2024-08-05T08:21:32.583+0000][gc,init] NUMA Support: Disabled
[2024-08-05T08:21:32.583+0000][gc,init] Compressed Oops: Enabled (32-bit)
[2024-08-05T08:21:32.583+0000][gc,init] Heap Region Size: 1M
[2024-08-05T08:21:32.583+0000][gc,init] Heap Min Capacity: 1G
[2024-08-05T08:21:32.583+0000][gc,init] Heap Initial Capacity: 1G
[2024-08-05T08:21:32.583+0000][gc,init] Heap Max Capacity: 1G
[2024-08-05T08:21:32.583+0000][gc,init] Pre-touch: Disabled
[2024-08-05T08:21:32.583+0000][gc,init] Parallel Workers: 4
[2024-08-05T08:21:32.583+0000][gc,init] Concurrent Workers: 1
[2024-08-05T08:21:32.583+0000][gc,init] Concurrent Refinement Workers: 4
[2024-08-05T08:21:32.583+0000][gc,init] Periodic GC: Disabled
[2024-08-05T08:21:32.589+0000][gc,metaspace] CDS archive(s) mapped at: [0x0000717f03000000-0x0000717f03bc4000-0x0000717f03bc4000), size 12337152, SharedBaseAddress: 0x0000717f03000000, ArchiveRelocationMode: 1.
[2024-08-05T08:21:32.589+0000][gc,metaspace] Compressed class space mapped at: 0x0000717f04000000-0x0000717f44000000, reserved size: 1073741824
[2024-08-05T08:21:32.589+0000][gc,metaspace] Narrow klass base: 0x0000717f03000000, Narrow klass shift: 0, Narrow klass range: 0x100000000
[2024-08-05T08:21:33.417+0000][gc,start    ] GC(0) Pause Young (Normal) (G1 Evacuation Pause)
[2024-08-05T08:21:33.418+0000][gc,task     ] GC(0) Using 4 workers of 4 for evacuation
[2024-08-05T08:21:33.425+0000][gc,phases   ] GC(0)   Pre Evacuate Collection Set: 0.1ms
[2024-08-05T08:21:33.425+0000][gc,phases   ] GC(0)   Merge Heap Roots: 0.1ms
[2024-08-05T08:21:33.425+0000][gc,phases   ] GC(0)   Evacuate Collection Set: 6.1ms
[2024-08-05T08:21:33.425+0000][gc,phases   ] GC(0)   Post Evacuate Collection Set: 0.5ms
[2024-08-05T08:21:33.425+0000][gc,phases   ] GC(0)   Other: 0.6ms
[2024-08-05T08:21:33.425+0000][gc,heap     ] GC(0) Eden regions: 51->0(44)
[2024-08-05T08:21:33.425+0000][gc,heap     ] GC(0) Survivor regions: 0->7(7)
[2024-08-05T08:21:33.425+0000][gc,heap     ] GC(0) Old regions: 0->1
[2024-08-05T08:21:33.425+0000][gc,heap     ] GC(0) Archive regions: 2->2
[2024-08-05T08:21:33.425+0000][gc,heap     ] GC(0) Humongous regions: 0->0
[2024-08-05T08:21:33.425+0000][gc,metaspace] GC(0) Metaspace: 17980K(18240K)->17980K(18240K) NonClass: 15813K(15936K)->15813K(15936K) Class: 2167K(2304K)->2167K(2304K)
[2024-08-05T08:21:33.425+0000][gc          ] GC(0) Pause Young (Normal) (G1 Evacuation Pause) 51M->8M(1024M) 7.540ms
[2024-08-05T08:21:33.425+0000][gc,cpu      ] GC(0) User=0.02s Sys=0.00s Real=0.01s
[2024-08-05T08:21:33.621+0000][gc,start    ] GC(1) Pause Young (Concurrent Start) (Metadata GC Threshold)
[2024-08-05T08:21:33.621+0000][gc,task     ] GC(1) Using 4 workers of 4 for evacuation
[2024-08-05T08:21:33.625+0000][gc,phases   ] GC(1)   Pre Evacuate Collection Set: 0.1ms
[2024-08-05T08:21:33.625+0000][gc,phases   ] GC(1)   Merge Heap Roots: 0.0ms
[2024-08-05T08:21:33.625+0000][gc,phases   ] GC(1)   Evacuate Collection Set: 3.6ms
[2024-08-05T08:21:33.625+0000][gc,phases   ] GC(1)   Post Evacuate Collection Set: 0.3ms
[2024-08-05T08:21:33.625+0000][gc,phases   ] GC(1)   Other: 0.2ms
[2024-08-05T08:21:33.625+0000][gc,heap     ] GC(1) Eden regions: 14->0(49)
[2024-08-05T08:21:33.625+0000][gc,heap     ] GC(1) Survivor regions: 7->2(7)
[2024-08-05T08:21:33.625+0000][gc,heap     ] GC(1) Old regions: 1->8
[2024-08-05T08:21:33.625+0000][gc,heap     ] GC(1) Archive regions: 2->2
[2024-08-05T08:21:33.625+0000][gc,heap     ] GC(1) Humongous regions: 129->129
[2024-08-05T08:21:33.625+0000][gc,metaspace] GC(1) Metaspace: 21336K(21504K)->21336K(21504K) NonClass: 18744K(18816K)->18744K(18816K) Class: 2591K(2688K)->2591K(2688K)
[2024-08-05T08:21:33.625+0000][gc          ] GC(1) Pause Young (Concurrent Start) (Metadata GC Threshold) 151M->139M(1024M) 4.393ms
[2024-08-05T08:21:33.625+0000][gc,cpu      ] GC(1) User=0.02s Sys=0.00s Real=0.01s
[2024-08-05T08:21:33.625+0000][gc          ] GC(2) Concurrent Mark Cycle
[2024-08-05T08:21:33.625+0000][gc,marking  ] GC(2) Concurrent Clear Claimed Marks
[2024-08-05T08:21:33.625+0000][gc,marking  ] GC(2) Concurrent Clear Claimed Marks 0.031ms
[2024-08-05T08:21:33.625+0000][gc,marking  ] GC(2) Concurrent Scan Root Regions
[2024-08-05T08:21:33.628+0000][gc,marking  ] GC(2) Concurrent Scan Root Regions 3.058ms
[2024-08-05T08:21:33.628+0000][gc,marking  ] GC(2) Concurrent Mark
[2024-08-05T08:21:33.628+0000][gc,marking  ] GC(2) Concurrent Mark From Roots
[2024-08-05T08:21:33.628+0000][gc,task     ] GC(2) Using 1 workers of 1 for marking
[2024-08-05T08:21:33.632+0000][gc,marking  ] GC(2) Concurrent Mark From Roots 3.531ms
[2024-08-05T08:21:33.632+0000][gc,marking  ] GC(2) Concurrent Preclean
[2024-08-05T08:21:33.632+0000][gc,marking  ] GC(2) Concurrent Preclean 0.069ms
[2024-08-05T08:21:33.632+0000][gc,start    ] GC(2) Pause Remark
[2024-08-05T08:21:33.634+0000][gc          ] GC(2) Pause Remark 140M->140M(1024M) 1.453ms
[2024-08-05T08:21:33.634+0000][gc,cpu      ] GC(2) User=0.00s Sys=0.00s Real=0.00s
[2024-08-05T08:21:33.634+0000][gc,marking  ] GC(2) Concurrent Mark 5.454ms
[2024-08-05T08:21:33.634+0000][gc,marking  ] GC(2) Concurrent Rebuild Remembered Sets
[2024-08-05T08:21:33.637+0000][gc,marking  ] GC(2) Concurrent Rebuild Remembered Sets 3.584ms
[2024-08-05T08:21:33.637+0000][gc,start    ] GC(2) Pause Cleanup
[2024-08-05T08:21:33.638+0000][gc          ] GC(2) Pause Cleanup 140M->140M(1024M) 0.098ms
[2024-08-05T08:21:33.638+0000][gc,cpu      ] GC(2) User=0.00s Sys=0.00s Real=0.00s
[2024-08-05T08:21:33.638+0000][gc,marking  ] GC(2) Concurrent Cleanup for Next Mark
[2024-08-05T08:21:33.641+0000][gc,marking  ] GC(2) Concurrent Cleanup for Next Mark 3.044ms
[2024-08-05T08:21:33.641+0000][gc          ] GC(2) Concurrent Mark Cycle 15.699ms
[2024-08-05T08:21:34.130+0000][gc,start    ] GC(3) Pause Young (Normal) (G1 Evacuation Pause)
[2024-08-05T08:21:34.130+0000][gc,task     ] GC(3) Using 4 workers of 4 for evacuation
[2024-08-05T08:21:34.135+0000][gc,phases   ] GC(3)   Pre Evacuate Collection Set: 0.1ms
[2024-08-05T08:21:34.135+0000][gc,phases   ] GC(3)   Merge Heap Roots: 0.0ms
[2024-08-05T08:21:34.135+0000][gc,phases   ] GC(3)   Evacuate Collection Set: 4.5ms
[2024-08-05T08:21:34.135+0000][gc,phases   ] GC(3)   Post Evacuate Collection Set: 0.3ms
[2024-08-05T08:21:34.135+0000][gc,phases   ] GC(3)   Other: 0.1ms
[2024-08-05T08:21:34.135+0000][gc,heap     ] GC(3) Eden regions: 49->0(45)
[2024-08-05T08:21:34.135+0000][gc,heap     ] GC(3) Survivor regions: 2->6(7)
[2024-08-05T08:21:34.135+0000][gc,heap     ] GC(3) Old regions: 8->8
[2024-08-05T08:21:34.135+0000][gc,heap     ] GC(3) Archive regions: 2->2
[2024-08-05T08:21:34.135+0000][gc,heap     ] GC(3) Humongous regions: 129->129
[2024-08-05T08:21:34.135+0000][gc,metaspace] GC(3) Metaspace: 32785K(33024K)->32785K(33024K) NonClass: 29097K(29248K)->29097K(29248K) Class: 3687K(3776K)->3687K(3776K)
[2024-08-05T08:21:34.135+0000][gc          ] GC(3) Pause Young (Normal) (G1 Evacuation Pause) 188M->143M(1024M) 5.239ms
[2024-08-05T08:21:34.136+0000][gc,cpu      ] GC(3) User=0.02s Sys=0.00s Real=0.00s
[2024-08-05T08:22:10.031+0000][gc,start    ] GC(4) Pause Young (Concurrent Start) (Metadata GC Threshold)
[2024-08-05T08:22:10.031+0000][gc,task     ] GC(4) Using 4 workers of 4 for evacuation
[2024-08-05T08:22:10.036+0000][gc,phases   ] GC(4)   Pre Evacuate Collection Set: 0.1ms
[2024-08-05T08:22:10.036+0000][gc,phases   ] GC(4)   Merge Heap Roots: 0.1ms
[2024-08-05T08:22:10.036+0000][gc,phases   ] GC(4)   Evacuate Collection Set: 4.9ms
[2024-08-05T08:22:10.036+0000][gc,phases   ] GC(4)   Post Evacuate Collection Set: 0.3ms
[2024-08-05T08:22:10.036+0000][gc,phases   ] GC(4)   Other: 0.1ms
[2024-08-05T08:22:10.036+0000][gc,heap     ] GC(4) Eden regions: 16->0(50)
[2024-08-05T08:22:10.036+0000][gc,heap     ] GC(4) Survivor regions: 6->1(7)
[2024-08-05T08:22:10.036+0000][gc,heap     ] GC(4) Old regions: 8->14
[2024-08-05T08:22:10.036+0000][gc,heap     ] GC(4) Archive regions: 2->2
[2024-08-05T08:22:10.036+0000][gc,heap     ] GC(4) Humongous regions: 129->129
[2024-08-05T08:22:10.036+0000][gc,metaspace] GC(4) Metaspace: 35821K(36096K)->35821K(36096K) NonClass: 31697K(31808K)->31697K(31808K) Class: 4124K(4288K)->4124K(4288K)
[2024-08-05T08:22:10.036+0000][gc          ] GC(4) Pause Young (Concurrent Start) (Metadata GC Threshold) 158M->144M(1024M) 5.768ms
[2024-08-05T08:22:10.036+0000][gc,cpu      ] GC(4) User=0.00s Sys=0.01s Real=0.00s
[2024-08-05T08:22:10.036+0000][gc          ] GC(5) Concurrent Mark Cycle
[2024-08-05T08:22:10.037+0000][gc,marking  ] GC(5) Concurrent Clear Claimed Marks
[2024-08-05T08:22:10.037+0000][gc,marking  ] GC(5) Concurrent Clear Claimed Marks 0.025ms
[2024-08-05T08:22:10.037+0000][gc,marking  ] GC(5) Concurrent Scan Root Regions
[2024-08-05T08:22:10.040+0000][gc,marking  ] GC(5) Concurrent Scan Root Regions 3.123ms
[2024-08-05T08:22:10.040+0000][gc,marking  ] GC(5) Concurrent Mark
[2024-08-05T08:22:10.040+0000][gc,marking  ] GC(5) Concurrent Mark From Roots
[2024-08-05T08:22:10.040+0000][gc,task     ] GC(5) Using 1 workers of 1 for marking
[2024-08-05T08:22:10.049+0000][gc,marking  ] GC(5) Concurrent Mark From Roots 9.618ms
[2024-08-05T08:22:10.049+0000][gc,marking  ] GC(5) Concurrent Preclean
[2024-08-05T08:22:10.050+0000][gc,marking  ] GC(5) Concurrent Preclean 0.303ms
[2024-08-05T08:22:10.050+0000][gc,start    ] GC(5) Pause Remark
[2024-08-05T08:22:10.052+0000][gc          ] GC(5) Pause Remark 144M->144M(1024M) 2.272ms
[2024-08-05T08:22:10.052+0000][gc,cpu      ] GC(5) User=0.01s Sys=0.00s Real=0.00s
[2024-08-05T08:22:10.052+0000][gc,marking  ] GC(5) Concurrent Mark 12.624ms
[2024-08-05T08:22:10.052+0000][gc,marking  ] GC(5) Concurrent Rebuild Remembered Sets
[2024-08-05T08:22:10.060+0000][gc,marking  ] GC(5) Concurrent Rebuild Remembered Sets 7.493ms
[2024-08-05T08:22:10.060+0000][gc,start    ] GC(5) Pause Cleanup
[2024-08-05T08:22:10.060+0000][gc          ] GC(5) Pause Cleanup 145M->145M(1024M) 0.100ms
[2024-08-05T08:22:10.060+0000][gc,cpu      ] GC(5) User=0.00s Sys=0.00s Real=0.00s
[2024-08-05T08:22:10.060+0000][gc,marking  ] GC(5) Concurrent Cleanup for Next Mark
[2024-08-05T08:22:10.068+0000][gc,marking  ] GC(5) Concurrent Cleanup for Next Mark 7.756ms
[2024-08-05T08:22:10.068+0000][gc          ] GC(5) Concurrent Mark Cycle 31.626ms
[2024-08-05T08:26:25.215+0000][gc,start    ] GC(6) Pause Young (Normal) (G1 Evacuation Pause)
[2024-08-05T08:26:25.215+0000][gc,task     ] GC(6) Using 4 workers of 4 for evacuation
[2024-08-05T08:26:25.222+0000][gc,phases   ] GC(6)   Pre Evacuate Collection Set: 0.1ms
[2024-08-05T08:26:25.223+0000][gc,phases   ] GC(6)   Merge Heap Roots: 0.1ms
[2024-08-05T08:26:25.223+0000][gc,phases   ] GC(6)   Evacuate Collection Set: 6.3ms
[2024-08-05T08:26:25.223+0000][gc,phases   ] GC(6)   Post Evacuate Collection Set: 0.5ms
[2024-08-05T08:26:25.223+0000][gc,phases   ] GC(6)   Other: 0.1ms
[2024-08-05T08:26:25.223+0000][gc,heap     ] GC(6) Eden regions: 50->0(46)
[2024-08-05T08:26:25.223+0000][gc,heap     ] GC(6) Survivor regions: 1->5(7)
[2024-08-05T08:26:25.223+0000][gc,heap     ] GC(6) Old regions: 14->14
[2024-08-05T08:26:25.223+0000][gc,heap     ] GC(6) Archive regions: 2->2
[2024-08-05T08:26:25.223+0000][gc,heap     ] GC(6) Humongous regions: 129->129
[2024-08-05T08:26:25.223+0000][gc,metaspace] GC(6) Metaspace: 41783K(42368K)->41783K(42368K) NonClass: 36695K(37056K)->36695K(37056K) Class: 5088K(5312K)->5088K(5312K)
[2024-08-05T08:26:25.223+0000][gc          ] GC(6) Pause Young (Normal) (G1 Evacuation Pause) 194M->147M(1024M) 7.267ms
[2024-08-05T08:26:25.223+0000][gc,cpu      ] GC(6) User=0.00s Sys=0.00s Real=0.01s
[2024-08-05T08:29:55.855+0000][gc,heap,exit] Heap
[2024-08-05T08:29:55.855+0000][gc,heap,exit]  garbage-first heap   total 1048576K, used 171469K [0x00000000c0000000, 0x0000000100000000)
[2024-08-05T08:29:55.855+0000][gc,heap,exit]   region size 1024K, 25 young (25600K), 5 survivors (5120K)
[2024-08-05T08:29:55.856+0000][gc,heap,exit]  Metaspace       used 43057K, committed 43648K, reserved 1114112K
[2024-08-05T08:29:55.856+0000][gc,heap,exit]   class space    used 5285K, committed 5504K, reserved 1048576K
