[2024-08-05T08:31:26.711+0000][gc] Using G1
[2024-08-05T08:31:26.726+0000][gc,init] Version: 17.0.12+7-Ubuntu-1ubuntu220.04 (release)
[2024-08-05T08:31:26.726+0000][gc,init] CPUs: 4 total, 4 available
[2024-08-05T08:31:26.726+0000][gc,init] Memory: 15981M
[2024-08-05T08:31:26.726+0000][gc,init] Large Page Support: Disabled
[2024-08-05T08:31:26.726+0000][gc,init] NUMA Support: Disabled
[2024-08-05T08:31:26.727+0000][gc,init] Compressed Oops: Enabled (32-bit)
[2024-08-05T08:31:26.727+0000][gc,init] Heap Region Size: 1M
[2024-08-05T08:31:26.727+0000][gc,init] Heap Min Capacity: 1G
[2024-08-05T08:31:26.727+0000][gc,init] Heap Initial Capacity: 1G
[2024-08-05T08:31:26.727+0000][gc,init] Heap Max Capacity: 1G
[2024-08-05T08:31:26.727+0000][gc,init] Pre-touch: Disabled
[2024-08-05T08:31:26.727+0000][gc,init] Parallel Workers: 4
[2024-08-05T08:31:26.727+0000][gc,init] Concurrent Workers: 1
[2024-08-05T08:31:26.727+0000][gc,init] Concurrent Refinement Workers: 4
[2024-08-05T08:31:26.727+0000][gc,init] Periodic GC: Disabled
[2024-08-05T08:31:26.734+0000][gc,metaspace] CDS archive(s) mapped at: [0x000076b6eb000000-0x000076b6ebbc4000-0x000076b6ebbc4000), size 12337152, SharedBaseAddress: 0x000076b6eb000000, ArchiveRelocationMode: 1.
[2024-08-05T08:31:26.734+0000][gc,metaspace] Compressed class space mapped at: 0x000076b6ec000000-0x000076b72c000000, reserved size: 1073741824
[2024-08-05T08:31:26.735+0000][gc,metaspace] Narrow klass base: 0x000076b6eb000000, Narrow klass shift: 0, Narrow klass range: 0x100000000
[2024-08-05T08:31:27.033+0000][gc,heap,exit] Heap
[2024-08-05T08:31:27.033+0000][gc,heap,exit]  garbage-first heap   total 1048576K, used 15280K [0x00000000c0000000, 0x0000000100000000)
[2024-08-05T08:31:27.033+0000][gc,heap,exit]   region size 1024K, 14 young (14336K), 0 survivors (0K)
[2024-08-05T08:31:27.033+0000][gc,heap,exit]  Metaspace       used 5590K, committed 5696K, reserved 1114112K
[2024-08-05T08:31:27.033+0000][gc,heap,exit]   class space    used 593K, committed 640K, reserved 1048576K
