[2024-08-05T12:57:13.547+0000][gc] Using G1
[2024-08-05T12:57:13.560+0000][gc,init] Version: 17.0.12+7-Ubuntu-1ubuntu220.04 (release)
[2024-08-05T12:57:13.560+0000][gc,init] CPUs: 4 total, 4 available
[2024-08-05T12:57:13.560+0000][gc,init] Memory: 15981M
[2024-08-05T12:57:13.560+0000][gc,init] Large Page Support: Disabled
[2024-08-05T12:57:13.560+0000][gc,init] NUMA Support: Disabled
[2024-08-05T12:57:13.560+0000][gc,init] Compressed Oops: Enabled (32-bit)
[2024-08-05T12:57:13.560+0000][gc,init] Heap Region Size: 1M
[2024-08-05T12:57:13.560+0000][gc,init] Heap Min Capacity: 1G
[2024-08-05T12:57:13.561+0000][gc,init] Heap Initial Capacity: 1G
[2024-08-05T12:57:13.561+0000][gc,init] Heap Max Capacity: 1G
[2024-08-05T12:57:13.561+0000][gc,init] Pre-touch: Disabled
[2024-08-05T12:57:13.561+0000][gc,init] Parallel Workers: 4
[2024-08-05T12:57:13.561+0000][gc,init] Concurrent Workers: 1
[2024-08-05T12:57:13.561+0000][gc,init] Concurrent Refinement Workers: 4
[2024-08-05T12:57:13.561+0000][gc,init] Periodic GC: Disabled
[2024-08-05T12:57:13.567+0000][gc,metaspace] CDS archive(s) mapped at: [0x00007416c7000000-0x00007416c7bc4000-0x00007416c7bc4000), size 12337152, SharedBaseAddress: 0x00007416c7000000, ArchiveRelocationMode: 1.
[2024-08-05T12:57:13.567+0000][gc,metaspace] Compressed class space mapped at: 0x00007416c8000000-0x0000741708000000, reserved size: 1073741824
[2024-08-05T12:57:13.567+0000][gc,metaspace] Narrow klass base: 0x00007416c7000000, Narrow klass shift: 0, Narrow klass range: 0x100000000
[2024-08-05T12:57:14.903+0000][gc,start    ] GC(0) Pause Young (Normal) (G1 Evacuation Pause)
[2024-08-05T12:57:14.903+0000][gc,task     ] GC(0) Using 4 workers of 4 for evacuation
[2024-08-05T12:57:14.909+0000][gc,phases   ] GC(0)   Pre Evacuate Collection Set: 0.1ms
[2024-08-05T12:57:14.909+0000][gc,phases   ] GC(0)   Merge Heap Roots: 0.1ms
[2024-08-05T12:57:14.909+0000][gc,phases   ] GC(0)   Evacuate Collection Set: 5.0ms
[2024-08-05T12:57:14.909+0000][gc,phases   ] GC(0)   Post Evacuate Collection Set: 0.5ms
[2024-08-05T12:57:14.909+0000][gc,phases   ] GC(0)   Other: 0.5ms
[2024-08-05T12:57:14.909+0000][gc,heap     ] GC(0) Eden regions: 51->0(44)
[2024-08-05T12:57:14.909+0000][gc,heap     ] GC(0) Survivor regions: 0->7(7)
[2024-08-05T12:57:14.909+0000][gc,heap     ] GC(0) Old regions: 0->2
[2024-08-05T12:57:14.909+0000][gc,heap     ] GC(0) Archive regions: 2->2
[2024-08-05T12:57:14.909+0000][gc,heap     ] GC(0) Humongous regions: 0->0
[2024-08-05T12:57:14.909+0000][gc,metaspace] GC(0) Metaspace: 18145K(18368K)->18145K(18368K) NonClass: 15952K(16064K)->15952K(16064K) Class: 2192K(2304K)->2192K(2304K)
[2024-08-05T12:57:14.909+0000][gc          ] GC(0) Pause Young (Normal) (G1 Evacuation Pause) 51M->9M(1024M) 6.223ms
[2024-08-05T12:57:14.909+0000][gc,cpu      ] GC(0) User=0.02s Sys=0.00s Real=0.00s
[2024-08-05T12:57:15.170+0000][gc,start    ] GC(1) Pause Young (Concurrent Start) (Metadata GC Threshold)
[2024-08-05T12:57:15.170+0000][gc,task     ] GC(1) Using 4 workers of 4 for evacuation
[2024-08-05T12:57:15.175+0000][gc,phases   ] GC(1)   Pre Evacuate Collection Set: 0.1ms
[2024-08-05T12:57:15.175+0000][gc,phases   ] GC(1)   Merge Heap Roots: 0.0ms
[2024-08-05T12:57:15.175+0000][gc,phases   ] GC(1)   Evacuate Collection Set: 4.4ms
[2024-08-05T12:57:15.175+0000][gc,phases   ] GC(1)   Post Evacuate Collection Set: 0.3ms
[2024-08-05T12:57:15.175+0000][gc,phases   ] GC(1)   Other: 0.2ms
[2024-08-05T12:57:15.175+0000][gc,heap     ] GC(1) Eden regions: 14->0(48)
[2024-08-05T12:57:15.175+0000][gc,heap     ] GC(1) Survivor regions: 7->3(7)
[2024-08-05T12:57:15.175+0000][gc,heap     ] GC(1) Old regions: 2->8
[2024-08-05T12:57:15.175+0000][gc,heap     ] GC(1) Archive regions: 2->2
[2024-08-05T12:57:15.175+0000][gc,heap     ] GC(1) Humongous regions: 129->129
[2024-08-05T12:57:15.175+0000][gc,metaspace] GC(1) Metaspace: 21312K(21504K)->21312K(21504K) NonClass: 18725K(18816K)->18725K(18816K) Class: 2587K(2688K)->2587K(2688K)
[2024-08-05T12:57:15.175+0000][gc          ] GC(1) Pause Young (Concurrent Start) (Metadata GC Threshold) 151M->139M(1024M) 5.260ms
[2024-08-05T12:57:15.175+0000][gc,cpu      ] GC(1) User=0.02s Sys=0.00s Real=0.01s
[2024-08-05T12:57:15.175+0000][gc          ] GC(2) Concurrent Mark Cycle
[2024-08-05T12:57:15.175+0000][gc,marking  ] GC(2) Concurrent Clear Claimed Marks
[2024-08-05T12:57:15.175+0000][gc,marking  ] GC(2) Concurrent Clear Claimed Marks 0.034ms
[2024-08-05T12:57:15.175+0000][gc,marking  ] GC(2) Concurrent Scan Root Regions
[2024-08-05T12:57:15.179+0000][gc,marking  ] GC(2) Concurrent Scan Root Regions 3.446ms
[2024-08-05T12:57:15.179+0000][gc,marking  ] GC(2) Concurrent Mark
[2024-08-05T12:57:15.179+0000][gc,marking  ] GC(2) Concurrent Mark From Roots
[2024-08-05T12:57:15.179+0000][gc,task     ] GC(2) Using 1 workers of 1 for marking
[2024-08-05T12:57:15.183+0000][gc,marking  ] GC(2) Concurrent Mark From Roots 4.038ms
[2024-08-05T12:57:15.183+0000][gc,marking  ] GC(2) Concurrent Preclean
[2024-08-05T12:57:15.183+0000][gc,marking  ] GC(2) Concurrent Preclean 0.065ms
[2024-08-05T12:57:15.183+0000][gc,start    ] GC(2) Pause Remark
[2024-08-05T12:57:15.185+0000][gc          ] GC(2) Pause Remark 140M->140M(1024M) 1.669ms
[2024-08-05T12:57:15.185+0000][gc,cpu      ] GC(2) User=0.00s Sys=0.00s Real=0.00s
[2024-08-05T12:57:15.185+0000][gc,marking  ] GC(2) Concurrent Mark 6.109ms
[2024-08-05T12:57:15.185+0000][gc,marking  ] GC(2) Concurrent Rebuild Remembered Sets
[2024-08-05T12:57:15.192+0000][gc,marking  ] GC(2) Concurrent Rebuild Remembered Sets 7.195ms
[2024-08-05T12:57:15.192+0000][gc,start    ] GC(2) Pause Cleanup
[2024-08-05T12:57:15.192+0000][gc          ] GC(2) Pause Cleanup 140M->140M(1024M) 0.131ms
[2024-08-05T12:57:15.192+0000][gc,cpu      ] GC(2) User=0.00s Sys=0.00s Real=0.00s
[2024-08-05T12:57:15.192+0000][gc,marking  ] GC(2) Concurrent Cleanup for Next Mark
[2024-08-05T12:57:15.199+0000][gc,marking  ] GC(2) Concurrent Cleanup for Next Mark 6.432ms
[2024-08-05T12:57:15.199+0000][gc          ] GC(2) Concurrent Mark Cycle 23.768ms
[2024-08-05T12:57:15.811+0000][gc,start    ] GC(3) Pause Young (Normal) (G1 Evacuation Pause)
[2024-08-05T12:57:15.811+0000][gc,task     ] GC(3) Using 4 workers of 4 for evacuation
[2024-08-05T12:57:15.816+0000][gc,phases   ] GC(3)   Pre Evacuate Collection Set: 0.1ms
[2024-08-05T12:57:15.816+0000][gc,phases   ] GC(3)   Merge Heap Roots: 0.0ms
[2024-08-05T12:57:15.816+0000][gc,phases   ] GC(3)   Evacuate Collection Set: 4.8ms
[2024-08-05T12:57:15.816+0000][gc,phases   ] GC(3)   Post Evacuate Collection Set: 0.3ms
[2024-08-05T12:57:15.816+0000][gc,phases   ] GC(3)   Other: 0.1ms
[2024-08-05T12:57:15.816+0000][gc,heap     ] GC(3) Eden regions: 48->0(44)
[2024-08-05T12:57:15.816+0000][gc,heap     ] GC(3) Survivor regions: 3->7(7)
[2024-08-05T12:57:15.816+0000][gc,heap     ] GC(3) Old regions: 8->8
[2024-08-05T12:57:15.816+0000][gc,heap     ] GC(3) Archive regions: 2->2
[2024-08-05T12:57:15.816+0000][gc,heap     ] GC(3) Humongous regions: 129->129
[2024-08-05T12:57:15.816+0000][gc,metaspace] GC(3) Metaspace: 32749K(32960K)->32749K(32960K) NonClass: 29093K(29184K)->29093K(29184K) Class: 3656K(3776K)->3656K(3776K)
[2024-08-05T12:57:15.816+0000][gc          ] GC(3) Pause Young (Normal) (G1 Evacuation Pause) 187M->143M(1024M) 5.541ms
[2024-08-05T12:57:15.817+0000][gc,cpu      ] GC(3) User=0.02s Sys=0.00s Real=0.01s
[2024-08-05T12:57:36.355+0000][gc,start    ] GC(4) Pause Young (Concurrent Start) (Metadata GC Threshold)
[2024-08-05T12:57:36.355+0000][gc,task     ] GC(4) Using 4 workers of 4 for evacuation
[2024-08-05T12:57:36.366+0000][gc,phases   ] GC(4)   Pre Evacuate Collection Set: 0.1ms
[2024-08-05T12:57:36.366+0000][gc,phases   ] GC(4)   Merge Heap Roots: 0.1ms
[2024-08-05T12:57:36.366+0000][gc,phases   ] GC(4)   Evacuate Collection Set: 9.8ms
[2024-08-05T12:57:36.367+0000][gc,phases   ] GC(4)   Post Evacuate Collection Set: 0.6ms
[2024-08-05T12:57:36.367+0000][gc,phases   ] GC(4)   Other: 0.2ms
[2024-08-05T12:57:36.367+0000][gc,heap     ] GC(4) Eden regions: 16->0(49)
[2024-08-05T12:57:36.367+0000][gc,heap     ] GC(4) Survivor regions: 7->2(7)
[2024-08-05T12:57:36.367+0000][gc,heap     ] GC(4) Old regions: 8->15
[2024-08-05T12:57:36.367+0000][gc,heap     ] GC(4) Archive regions: 2->2
[2024-08-05T12:57:36.367+0000][gc,heap     ] GC(4) Humongous regions: 129->129
[2024-08-05T12:57:36.367+0000][gc,metaspace] GC(4) Metaspace: 35848K(36160K)->35848K(36160K) NonClass: 31721K(31872K)->31721K(31872K) Class: 4127K(4288K)->4127K(4288K)
[2024-08-05T12:57:36.367+0000][gc          ] GC(4) Pause Young (Concurrent Start) (Metadata GC Threshold) 158M->145M(1024M) 12.006ms
[2024-08-05T12:57:36.367+0000][gc,cpu      ] GC(4) User=0.02s Sys=0.00s Real=0.01s
[2024-08-05T12:57:36.368+0000][gc          ] GC(5) Concurrent Mark Cycle
[2024-08-05T12:57:36.368+0000][gc,marking  ] GC(5) Concurrent Clear Claimed Marks
[2024-08-05T12:57:36.368+0000][gc,marking  ] GC(5) Concurrent Clear Claimed Marks 0.040ms
[2024-08-05T12:57:36.368+0000][gc,marking  ] GC(5) Concurrent Scan Root Regions
[2024-08-05T12:57:36.373+0000][gc,marking  ] GC(5) Concurrent Scan Root Regions 4.909ms
[2024-08-05T12:57:36.373+0000][gc,marking  ] GC(5) Concurrent Mark
[2024-08-05T12:57:36.373+0000][gc,marking  ] GC(5) Concurrent Mark From Roots
[2024-08-05T12:57:36.373+0000][gc,task     ] GC(5) Using 1 workers of 1 for marking
[2024-08-05T12:57:36.384+0000][gc,marking  ] GC(5) Concurrent Mark From Roots 11.591ms
[2024-08-05T12:57:36.384+0000][gc,marking  ] GC(5) Concurrent Preclean
[2024-08-05T12:57:36.385+0000][gc,marking  ] GC(5) Concurrent Preclean 0.133ms
[2024-08-05T12:57:36.385+0000][gc,start    ] GC(5) Pause Remark
[2024-08-05T12:57:36.390+0000][gc          ] GC(5) Pause Remark 146M->146M(1024M) 4.959ms
[2024-08-05T12:57:36.390+0000][gc,cpu      ] GC(5) User=0.00s Sys=0.00s Real=0.00s
[2024-08-05T12:57:36.390+0000][gc,marking  ] GC(5) Concurrent Mark 17.301ms
[2024-08-05T12:57:36.390+0000][gc,marking  ] GC(5) Concurrent Rebuild Remembered Sets
[2024-08-05T12:57:36.431+0000][gc,marking  ] GC(5) Concurrent Rebuild Remembered Sets 41.295ms
[2024-08-05T12:57:36.431+0000][gc,start    ] GC(5) Pause Cleanup
[2024-08-05T12:57:36.432+0000][gc          ] GC(5) Pause Cleanup 147M->147M(1024M) 0.228ms
[2024-08-05T12:57:36.432+0000][gc,cpu      ] GC(5) User=0.00s Sys=0.00s Real=0.00s
[2024-08-05T12:57:36.432+0000][gc,marking  ] GC(5) Concurrent Cleanup for Next Mark
[2024-08-05T12:57:36.445+0000][gc,marking  ] GC(5) Concurrent Cleanup for Next Mark 13.667ms
[2024-08-05T12:57:36.446+0000][gc          ] GC(5) Concurrent Mark Cycle 78.110ms
[2024-08-05T12:59:56.759+0000][gc,start    ] GC(6) Pause Young (Normal) (G1 Evacuation Pause)
[2024-08-05T12:59:56.759+0000][gc,task     ] GC(6) Using 4 workers of 4 for evacuation
[2024-08-05T12:59:56.763+0000][gc,phases   ] GC(6)   Pre Evacuate Collection Set: 0.1ms
[2024-08-05T12:59:56.764+0000][gc,phases   ] GC(6)   Merge Heap Roots: 0.1ms
[2024-08-05T12:59:56.764+0000][gc,phases   ] GC(6)   Evacuate Collection Set: 3.8ms
[2024-08-05T12:59:56.764+0000][gc,phases   ] GC(6)   Post Evacuate Collection Set: 0.3ms
[2024-08-05T12:59:56.764+0000][gc,phases   ] GC(6)   Other: 0.1ms
[2024-08-05T12:59:56.764+0000][gc,heap     ] GC(6) Eden regions: 49->0(46)
[2024-08-05T12:59:56.764+0000][gc,heap     ] GC(6) Survivor regions: 2->5(7)
[2024-08-05T12:59:56.764+0000][gc,heap     ] GC(6) Old regions: 15->15
[2024-08-05T12:59:56.764+0000][gc,heap     ] GC(6) Archive regions: 2->2
[2024-08-05T12:59:56.764+0000][gc,heap     ] GC(6) Humongous regions: 129->129
[2024-08-05T12:59:56.764+0000][gc,metaspace] GC(6) Metaspace: 41729K(42368K)->41729K(42368K) NonClass: 36709K(37056K)->36709K(37056K) Class: 5019K(5312K)->5019K(5312K)
[2024-08-05T12:59:56.764+0000][gc          ] GC(6) Pause Young (Normal) (G1 Evacuation Pause) 194M->148M(1024M) 4.647ms
[2024-08-05T12:59:56.764+0000][gc,cpu      ] GC(6) User=0.01s Sys=0.01s Real=0.01s
[2024-08-05T13:07:13.530+0000][gc,start    ] GC(7) Pause Young (Normal) (G1 Evacuation Pause)
[2024-08-05T13:07:13.530+0000][gc,task     ] GC(7) Using 4 workers of 4 for evacuation
[2024-08-05T13:07:13.535+0000][gc,phases   ] GC(7)   Pre Evacuate Collection Set: 0.1ms
[2024-08-05T13:07:13.535+0000][gc,phases   ] GC(7)   Merge Heap Roots: 0.1ms
[2024-08-05T13:07:13.535+0000][gc,phases   ] GC(7)   Evacuate Collection Set: 3.7ms
[2024-08-05T13:07:13.535+0000][gc,phases   ] GC(7)   Post Evacuate Collection Set: 0.4ms
[2024-08-05T13:07:13.535+0000][gc,phases   ] GC(7)   Other: 0.1ms
[2024-08-05T13:07:13.535+0000][gc,heap     ] GC(7) Eden regions: 46->0(46)
[2024-08-05T13:07:13.535+0000][gc,heap     ] GC(7) Survivor regions: 5->5(7)
[2024-08-05T13:07:13.535+0000][gc,heap     ] GC(7) Old regions: 15->15
[2024-08-05T13:07:13.535+0000][gc,heap     ] GC(7) Archive regions: 2->2
[2024-08-05T13:07:13.535+0000][gc,heap     ] GC(7) Humongous regions: 129->129
[2024-08-05T13:07:13.535+0000][gc,metaspace] GC(7) Metaspace: 42409K(43008K)->42409K(43008K) NonClass: 37371K(37696K)->37371K(37696K) Class: 5038K(5312K)->5038K(5312K)
[2024-08-05T13:07:13.535+0000][gc          ] GC(7) Pause Young (Normal) (G1 Evacuation Pause) 194M->149M(1024M) 4.595ms
[2024-08-05T13:07:13.535+0000][gc,cpu      ] GC(7) User=0.01s Sys=0.00s Real=0.01s
[2024-08-05T13:15:03.019+0000][gc,start    ] GC(8) Pause Young (Normal) (G1 Evacuation Pause)
[2024-08-05T13:15:03.019+0000][gc,task     ] GC(8) Using 4 workers of 4 for evacuation
[2024-08-05T13:15:03.025+0000][gc,phases   ] GC(8)   Pre Evacuate Collection Set: 0.1ms
[2024-08-05T13:15:03.025+0000][gc,phases   ] GC(8)   Merge Heap Roots: 0.1ms
[2024-08-05T13:15:03.025+0000][gc,phases   ] GC(8)   Evacuate Collection Set: 5.2ms
[2024-08-05T13:15:03.025+0000][gc,phases   ] GC(8)   Post Evacuate Collection Set: 0.5ms
[2024-08-05T13:15:03.025+0000][gc,phases   ] GC(8)   Other: 0.1ms
[2024-08-05T13:15:03.025+0000][gc,heap     ] GC(8) Eden regions: 46->0(48)
[2024-08-05T13:15:03.025+0000][gc,heap     ] GC(8) Survivor regions: 5->3(7)
[2024-08-05T13:15:03.025+0000][gc,heap     ] GC(8) Old regions: 15->18
[2024-08-05T13:15:03.025+0000][gc,heap     ] GC(8) Archive regions: 2->2
[2024-08-05T13:15:03.025+0000][gc,heap     ] GC(8) Humongous regions: 129->129
[2024-08-05T13:15:03.025+0000][gc,metaspace] GC(8) Metaspace: 42671K(43264K)->42671K(43264K) NonClass: 37615K(37952K)->37615K(37952K) Class: 5055K(5312K)->5055K(5312K)
[2024-08-05T13:15:03.025+0000][gc          ] GC(8) Pause Young (Normal) (G1 Evacuation Pause) 195M->150M(1024M) 6.205ms
[2024-08-05T13:15:03.025+0000][gc,cpu      ] GC(8) User=0.02s Sys=0.00s Real=0.01s
[2024-08-05T13:23:38.213+0000][gc,start    ] GC(9) Pause Young (Normal) (G1 Evacuation Pause)
[2024-08-05T13:23:38.213+0000][gc,task     ] GC(9) Using 4 workers of 4 for evacuation
[2024-08-05T13:23:38.219+0000][gc,phases   ] GC(9)   Pre Evacuate Collection Set: 0.1ms
[2024-08-05T13:23:38.219+0000][gc,phases   ] GC(9)   Merge Heap Roots: 0.1ms
[2024-08-05T13:23:38.220+0000][gc,phases   ] GC(9)   Evacuate Collection Set: 4.6ms
[2024-08-05T13:23:38.220+0000][gc,phases   ] GC(9)   Post Evacuate Collection Set: 1.0ms
[2024-08-05T13:23:38.220+0000][gc,phases   ] GC(9)   Other: 0.2ms
[2024-08-05T13:23:38.220+0000][gc,heap     ] GC(9) Eden regions: 48->0(48)
[2024-08-05T13:23:38.220+0000][gc,heap     ] GC(9) Survivor regions: 3->3(7)
[2024-08-05T13:23:38.221+0000][gc,heap     ] GC(9) Old regions: 18->18
[2024-08-05T13:23:38.221+0000][gc,heap     ] GC(9) Archive regions: 2->2
[2024-08-05T13:23:38.221+0000][gc,heap     ] GC(9) Humongous regions: 129->129
[2024-08-05T13:23:38.221+0000][gc,metaspace] GC(9) Metaspace: 42907K(43584K)->42907K(43584K) NonClass: 37832K(38208K)->37832K(38208K) Class: 5075K(5376K)->5075K(5376K)
[2024-08-05T13:23:38.221+0000][gc          ] GC(9) Pause Young (Normal) (G1 Evacuation Pause) 198M->150M(1024M) 7.909ms
[2024-08-05T13:23:38.221+0000][gc,cpu      ] GC(9) User=0.01s Sys=0.00s Real=0.01s
[2024-08-05T13:33:20.992+0000][gc,start    ] GC(10) Pause Young (Normal) (G1 Evacuation Pause)
[2024-08-05T13:33:20.992+0000][gc,task     ] GC(10) Using 4 workers of 4 for evacuation
[2024-08-05T13:33:20.995+0000][gc,phases   ] GC(10)   Pre Evacuate Collection Set: 0.1ms
[2024-08-05T13:33:20.995+0000][gc,phases   ] GC(10)   Merge Heap Roots: 0.1ms
[2024-08-05T13:33:20.995+0000][gc,phases   ] GC(10)   Evacuate Collection Set: 2.3ms
[2024-08-05T13:33:20.995+0000][gc,phases   ] GC(10)   Post Evacuate Collection Set: 0.4ms
[2024-08-05T13:33:20.995+0000][gc,phases   ] GC(10)   Other: 0.1ms
[2024-08-05T13:33:20.995+0000][gc,heap     ] GC(10) Eden regions: 48->0(72)
[2024-08-05T13:33:20.995+0000][gc,heap     ] GC(10) Survivor regions: 3->3(7)
[2024-08-05T13:33:20.995+0000][gc,heap     ] GC(10) Old regions: 18->18
[2024-08-05T13:33:20.995+0000][gc,heap     ] GC(10) Archive regions: 2->2
[2024-08-05T13:33:20.995+0000][gc,heap     ] GC(10) Humongous regions: 129->129
[2024-08-05T13:33:20.995+0000][gc,metaspace] GC(10) Metaspace: 43180K(43840K)->43180K(43840K) NonClass: 38102K(38464K)->38102K(38464K) Class: 5078K(5376K)->5078K(5376K)
[2024-08-05T13:33:20.995+0000][gc          ] GC(10) Pause Young (Normal) (G1 Evacuation Pause) 198M->150M(1024M) 3.142ms
[2024-08-05T13:33:20.995+0000][gc,cpu      ] GC(10) User=0.01s Sys=0.00s Real=0.01s
[2024-08-05T13:47:26.819+0000][gc,start    ] GC(11) Pause Young (Normal) (G1 Evacuation Pause)
[2024-08-05T13:47:26.819+0000][gc,task     ] GC(11) Using 4 workers of 4 for evacuation
[2024-08-05T13:47:26.823+0000][gc,phases   ] GC(11)   Pre Evacuate Collection Set: 0.1ms
[2024-08-05T13:47:26.823+0000][gc,phases   ] GC(11)   Merge Heap Roots: 0.1ms
[2024-08-05T13:47:26.823+0000][gc,phases   ] GC(11)   Evacuate Collection Set: 3.0ms
[2024-08-05T13:47:26.823+0000][gc,phases   ] GC(11)   Post Evacuate Collection Set: 0.4ms
[2024-08-05T13:47:26.823+0000][gc,phases   ] GC(11)   Other: 0.1ms
[2024-08-05T13:47:26.823+0000][gc,heap     ] GC(11) Eden regions: 72->0(115)
[2024-08-05T13:47:26.823+0000][gc,heap     ] GC(11) Survivor regions: 3->4(10)
[2024-08-05T13:47:26.823+0000][gc,heap     ] GC(11) Old regions: 18->18
[2024-08-05T13:47:26.823+0000][gc,heap     ] GC(11) Archive regions: 2->2
[2024-08-05T13:47:26.823+0000][gc,heap     ] GC(11) Humongous regions: 129->129
[2024-08-05T13:47:26.823+0000][gc,metaspace] GC(11) Metaspace: 43338K(43968K)->43338K(43968K) NonClass: 38260K(38592K)->38260K(38592K) Class: 5078K(5376K)->5078K(5376K)
[2024-08-05T13:47:26.823+0000][gc          ] GC(11) Pause Young (Normal) (G1 Evacuation Pause) 222M->150M(1024M) 3.772ms
[2024-08-05T13:47:26.823+0000][gc,cpu      ] GC(11) User=0.01s Sys=0.00s Real=0.01s
[2024-08-05T14:09:21.819+0000][gc,start    ] GC(12) Pause Young (Normal) (G1 Evacuation Pause)
[2024-08-05T14:09:21.820+0000][gc,task     ] GC(12) Using 4 workers of 4 for evacuation
[2024-08-05T14:09:21.838+0000][gc,phases   ] GC(12)   Pre Evacuate Collection Set: 0.2ms
[2024-08-05T14:09:21.838+0000][gc,phases   ] GC(12)   Merge Heap Roots: 0.1ms
[2024-08-05T14:09:21.838+0000][gc,phases   ] GC(12)   Evacuate Collection Set: 13.1ms
[2024-08-05T14:09:21.839+0000][gc,phases   ] GC(12)   Post Evacuate Collection Set: 4.9ms
[2024-08-05T14:09:21.839+0000][gc,phases   ] GC(12)   Other: 0.5ms
[2024-08-05T14:09:21.839+0000][gc,heap     ] GC(12) Eden regions: 115->0(150)
[2024-08-05T14:09:21.839+0000][gc,heap     ] GC(12) Survivor regions: 4->5(15)
[2024-08-05T14:09:21.839+0000][gc,heap     ] GC(12) Old regions: 18->18
[2024-08-05T14:09:21.839+0000][gc,heap     ] GC(12) Archive regions: 2->2
[2024-08-05T14:09:21.839+0000][gc,heap     ] GC(12) Humongous regions: 129->129
[2024-08-05T14:09:21.839+0000][gc,metaspace] GC(12) Metaspace: 43471K(44096K)->43471K(44096K) NonClass: 38389K(38720K)->38389K(38720K) Class: 5082K(5376K)->5082K(5376K)
[2024-08-05T14:09:21.839+0000][gc          ] GC(12) Pause Young (Normal) (G1 Evacuation Pause) 265M->152M(1024M) 19.760ms
[2024-08-05T14:09:21.839+0000][gc,cpu      ] GC(12) User=0.02s Sys=0.00s Real=0.02s
[2024-08-05T14:39:36.232+0000][gc,start    ] GC(13) Pause Young (Normal) (G1 Evacuation Pause)
[2024-08-05T14:39:36.232+0000][gc,task     ] GC(13) Using 4 workers of 4 for evacuation
[2024-08-05T14:39:36.237+0000][gc,phases   ] GC(13)   Pre Evacuate Collection Set: 0.1ms
[2024-08-05T14:39:36.237+0000][gc,phases   ] GC(13)   Merge Heap Roots: 0.1ms
[2024-08-05T14:39:36.237+0000][gc,phases   ] GC(13)   Evacuate Collection Set: 3.8ms
[2024-08-05T14:39:36.237+0000][gc,phases   ] GC(13)   Post Evacuate Collection Set: 0.4ms
[2024-08-05T14:39:36.237+0000][gc,phases   ] GC(13)   Other: 0.2ms
[2024-08-05T14:39:36.237+0000][gc,heap     ] GC(13) Eden regions: 150->0(229)
[2024-08-05T14:39:36.237+0000][gc,heap     ] GC(13) Survivor regions: 5->6(20)
[2024-08-05T14:39:36.237+0000][gc,heap     ] GC(13) Old regions: 18->18
[2024-08-05T14:39:36.237+0000][gc,heap     ] GC(13) Archive regions: 2->2
[2024-08-05T14:39:36.237+0000][gc,heap     ] GC(13) Humongous regions: 129->129
[2024-08-05T14:39:36.237+0000][gc,metaspace] GC(13) Metaspace: 43730K(44352K)->43730K(44352K) NonClass: 38648K(38976K)->38648K(38976K) Class: 5082K(5376K)->5082K(5376K)
[2024-08-05T14:39:36.237+0000][gc          ] GC(13) Pause Young (Normal) (G1 Evacuation Pause) 302M->152M(1024M) 4.695ms
[2024-08-05T14:39:36.237+0000][gc,cpu      ] GC(13) User=0.02s Sys=0.00s Real=0.01s
