[2024-08-05T08:31:45.198+0000][gc] Using G1
[2024-08-05T08:31:45.211+0000][gc,init] Version: 17.0.12+7-Ubuntu-1ubuntu220.04 (release)
[2024-08-05T08:31:45.211+0000][gc,init] CPUs: 4 total, 4 available
[2024-08-05T08:31:45.211+0000][gc,init] Memory: 15981M
[2024-08-05T08:31:45.211+0000][gc,init] Large Page Support: Disabled
[2024-08-05T08:31:45.211+0000][gc,init] NUMA Support: Disabled
[2024-08-05T08:31:45.211+0000][gc,init] Compressed Oops: Enabled (32-bit)
[2024-08-05T08:31:45.211+0000][gc,init] Heap Region Size: 1M
[2024-08-05T08:31:45.211+0000][gc,init] Heap Min Capacity: 1G
[2024-08-05T08:31:45.211+0000][gc,init] Heap Initial Capacity: 1G
[2024-08-05T08:31:45.211+0000][gc,init] Heap Max Capacity: 1G
[2024-08-05T08:31:45.211+0000][gc,init] Pre-touch: Disabled
[2024-08-05T08:31:45.211+0000][gc,init] Parallel Workers: 4
[2024-08-05T08:31:45.211+0000][gc,init] Concurrent Workers: 1
[2024-08-05T08:31:45.211+0000][gc,init] Concurrent Refinement Workers: 4
[2024-08-05T08:31:45.211+0000][gc,init] Periodic GC: Disabled
[2024-08-05T08:31:45.217+0000][gc,metaspace] CDS archive(s) mapped at: [0x000070701f000000-0x000070701fbc4000-0x000070701fbc4000), size 12337152, SharedBaseAddress: 0x000070701f000000, ArchiveRelocationMode: 1.
[2024-08-05T08:31:45.217+0000][gc,metaspace] Compressed class space mapped at: 0x0000707020000000-0x0000707060000000, reserved size: 1073741824
[2024-08-05T08:31:45.217+0000][gc,metaspace] Narrow klass base: 0x000070701f000000, Narrow klass shift: 0, Narrow klass range: 0x100000000
[2024-08-05T08:31:46.011+0000][gc,start    ] GC(0) Pause Young (Normal) (G1 Evacuation Pause)
[2024-08-05T08:31:46.012+0000][gc,task     ] GC(0) Using 4 workers of 4 for evacuation
[2024-08-05T08:31:46.017+0000][gc,phases   ] GC(0)   Pre Evacuate Collection Set: 0.1ms
[2024-08-05T08:31:46.017+0000][gc,phases   ] GC(0)   Merge Heap Roots: 0.1ms
[2024-08-05T08:31:46.017+0000][gc,phases   ] GC(0)   Evacuate Collection Set: 4.8ms
[2024-08-05T08:31:46.017+0000][gc,phases   ] GC(0)   Post Evacuate Collection Set: 0.4ms
[2024-08-05T08:31:46.017+0000][gc,phases   ] GC(0)   Other: 0.5ms
[2024-08-05T08:31:46.017+0000][gc,heap     ] GC(0) Eden regions: 51->0(44)
[2024-08-05T08:31:46.017+0000][gc,heap     ] GC(0) Survivor regions: 0->7(7)
[2024-08-05T08:31:46.017+0000][gc,heap     ] GC(0) Old regions: 0->1
[2024-08-05T08:31:46.017+0000][gc,heap     ] GC(0) Archive regions: 2->2
[2024-08-05T08:31:46.017+0000][gc,heap     ] GC(0) Humongous regions: 0->0
[2024-08-05T08:31:46.017+0000][gc,metaspace] GC(0) Metaspace: 17974K(18176K)->17974K(18176K) NonClass: 15804K(15872K)->15804K(15872K) Class: 2170K(2304K)->2170K(2304K)
[2024-08-05T08:31:46.017+0000][gc          ] GC(0) Pause Young (Normal) (G1 Evacuation Pause) 51M->8M(1024M) 6.096ms
[2024-08-05T08:31:46.017+0000][gc,cpu      ] GC(0) User=0.02s Sys=0.00s Real=0.00s
[2024-08-05T08:31:46.181+0000][gc,start    ] GC(1) Pause Young (Concurrent Start) (Metadata GC Threshold)
[2024-08-05T08:31:46.181+0000][gc,task     ] GC(1) Using 4 workers of 4 for evacuation
[2024-08-05T08:31:46.185+0000][gc,phases   ] GC(1)   Pre Evacuate Collection Set: 0.1ms
[2024-08-05T08:31:46.185+0000][gc,phases   ] GC(1)   Merge Heap Roots: 0.0ms
[2024-08-05T08:31:46.185+0000][gc,phases   ] GC(1)   Evacuate Collection Set: 4.0ms
[2024-08-05T08:31:46.185+0000][gc,phases   ] GC(1)   Post Evacuate Collection Set: 0.3ms
[2024-08-05T08:31:46.185+0000][gc,phases   ] GC(1)   Other: 0.2ms
[2024-08-05T08:31:46.185+0000][gc,heap     ] GC(1) Eden regions: 13->0(50)
[2024-08-05T08:31:46.185+0000][gc,heap     ] GC(1) Survivor regions: 7->1(7)
[2024-08-05T08:31:46.185+0000][gc,heap     ] GC(1) Old regions: 1->8
[2024-08-05T08:31:46.185+0000][gc,heap     ] GC(1) Archive regions: 2->2
[2024-08-05T08:31:46.185+0000][gc,heap     ] GC(1) Humongous regions: 0->0
[2024-08-05T08:31:46.185+0000][gc,metaspace] GC(1) Metaspace: 21303K(21504K)->21303K(21504K) NonClass: 18704K(18816K)->18704K(18816K) Class: 2599K(2688K)->2599K(2688K)
[2024-08-05T08:31:46.185+0000][gc          ] GC(1) Pause Young (Concurrent Start) (Metadata GC Threshold) 21M->9M(1024M) 4.758ms
[2024-08-05T08:31:46.185+0000][gc,cpu      ] GC(1) User=0.01s Sys=0.00s Real=0.01s
[2024-08-05T08:31:46.185+0000][gc          ] GC(2) Concurrent Mark Cycle
[2024-08-05T08:31:46.185+0000][gc,marking  ] GC(2) Concurrent Clear Claimed Marks
[2024-08-05T08:31:46.186+0000][gc,marking  ] GC(2) Concurrent Clear Claimed Marks 0.030ms
[2024-08-05T08:31:46.186+0000][gc,marking  ] GC(2) Concurrent Scan Root Regions
[2024-08-05T08:31:46.189+0000][gc,marking  ] GC(2) Concurrent Scan Root Regions 2.967ms
[2024-08-05T08:31:46.189+0000][gc,marking  ] GC(2) Concurrent Mark
[2024-08-05T08:31:46.189+0000][gc,marking  ] GC(2) Concurrent Mark From Roots
[2024-08-05T08:31:46.189+0000][gc,task     ] GC(2) Using 1 workers of 1 for marking
[2024-08-05T08:31:46.192+0000][gc,marking  ] GC(2) Concurrent Mark From Roots 3.021ms
[2024-08-05T08:31:46.192+0000][gc,marking  ] GC(2) Concurrent Preclean
[2024-08-05T08:31:46.192+0000][gc,marking  ] GC(2) Concurrent Preclean 0.077ms
[2024-08-05T08:31:46.192+0000][gc,start    ] GC(2) Pause Remark
[2024-08-05T08:31:46.193+0000][gc          ] GC(2) Pause Remark 10M->10M(1024M) 1.375ms
[2024-08-05T08:31:46.193+0000][gc,cpu      ] GC(2) User=0.00s Sys=0.00s Real=0.00s
[2024-08-05T08:31:46.193+0000][gc,marking  ] GC(2) Concurrent Mark 4.834ms
[2024-08-05T08:31:46.193+0000][gc,marking  ] GC(2) Concurrent Rebuild Remembered Sets
[2024-08-05T08:31:46.193+0000][gc,marking  ] GC(2) Concurrent Rebuild Remembered Sets 0.022ms
[2024-08-05T08:31:46.194+0000][gc,start    ] GC(2) Pause Cleanup
[2024-08-05T08:31:46.194+0000][gc          ] GC(2) Pause Cleanup 10M->10M(1024M) 0.024ms
[2024-08-05T08:31:46.194+0000][gc,cpu      ] GC(2) User=0.00s Sys=0.00s Real=0.00s
[2024-08-05T08:31:46.194+0000][gc,marking  ] GC(2) Concurrent Cleanup for Next Mark
[2024-08-05T08:31:46.197+0000][gc,marking  ] GC(2) Concurrent Cleanup for Next Mark 3.525ms
[2024-08-05T08:31:46.197+0000][gc          ] GC(2) Concurrent Mark Cycle 11.771ms
[2024-08-05T08:31:46.852+0000][gc,start    ] GC(3) Pause Young (Normal) (G1 Evacuation Pause)
[2024-08-05T08:31:46.852+0000][gc,task     ] GC(3) Using 4 workers of 4 for evacuation
[2024-08-05T08:31:46.856+0000][gc,phases   ] GC(3)   Pre Evacuate Collection Set: 0.1ms
[2024-08-05T08:31:46.856+0000][gc,phases   ] GC(3)   Merge Heap Roots: 0.0ms
[2024-08-05T08:31:46.856+0000][gc,phases   ] GC(3)   Evacuate Collection Set: 3.6ms
[2024-08-05T08:31:46.856+0000][gc,phases   ] GC(3)   Post Evacuate Collection Set: 0.4ms
[2024-08-05T08:31:46.856+0000][gc,phases   ] GC(3)   Other: 0.1ms
[2024-08-05T08:31:46.856+0000][gc,heap     ] GC(3) Eden regions: 50->0(45)
[2024-08-05T08:31:46.856+0000][gc,heap     ] GC(3) Survivor regions: 1->6(7)
[2024-08-05T08:31:46.856+0000][gc,heap     ] GC(3) Old regions: 8->8
[2024-08-05T08:31:46.856+0000][gc,heap     ] GC(3) Archive regions: 2->2
[2024-08-05T08:31:46.856+0000][gc,heap     ] GC(3) Humongous regions: 129->129
[2024-08-05T08:31:46.856+0000][gc,metaspace] GC(3) Metaspace: 31019K(31296K)->31019K(31296K) NonClass: 27450K(27584K)->27450K(27584K) Class: 3568K(3712K)->3568K(3712K)
[2024-08-05T08:31:46.856+0000][gc          ] GC(3) Pause Young (Normal) (G1 Evacuation Pause) 188M->143M(1024M) 4.336ms
[2024-08-05T08:31:46.856+0000][gc,cpu      ] GC(3) User=0.02s Sys=0.00s Real=0.00s
[2024-08-05T08:31:47.082+0000][gc,start    ] GC(4) Pause Young (Concurrent Start) (Metadata GC Threshold)
[2024-08-05T08:31:47.082+0000][gc,task     ] GC(4) Using 4 workers of 4 for evacuation
[2024-08-05T08:31:47.089+0000][gc,phases   ] GC(4)   Pre Evacuate Collection Set: 0.2ms
[2024-08-05T08:31:47.089+0000][gc,phases   ] GC(4)   Merge Heap Roots: 0.1ms
[2024-08-05T08:31:47.090+0000][gc,phases   ] GC(4)   Evacuate Collection Set: 6.5ms
[2024-08-05T08:31:47.090+0000][gc,phases   ] GC(4)   Post Evacuate Collection Set: 0.5ms
[2024-08-05T08:31:47.090+0000][gc,phases   ] GC(4)   Other: 0.4ms
[2024-08-05T08:31:47.090+0000][gc,heap     ] GC(4) Eden regions: 21->0(49)
[2024-08-05T08:31:47.091+0000][gc,heap     ] GC(4) Survivor regions: 6->2(7)
[2024-08-05T08:31:47.091+0000][gc,heap     ] GC(4) Old regions: 8->14
[2024-08-05T08:31:47.091+0000][gc,heap     ] GC(4) Archive regions: 2->2
[2024-08-05T08:31:47.092+0000][gc,heap     ] GC(4) Humongous regions: 129->129
[2024-08-05T08:31:47.092+0000][gc,metaspace] GC(4) Metaspace: 35835K(36096K)->35835K(36096K) NonClass: 31748K(31872K)->31748K(31872K) Class: 4086K(4224K)->4086K(4224K)
[2024-08-05T08:31:47.092+0000][gc          ] GC(4) Pause Young (Concurrent Start) (Metadata GC Threshold) 163M->145M(1024M) 10.261ms
[2024-08-05T08:31:47.092+0000][gc,cpu      ] GC(4) User=0.02s Sys=0.02s Real=0.02s
[2024-08-05T08:31:47.092+0000][gc          ] GC(5) Concurrent Mark Cycle
[2024-08-05T08:31:47.092+0000][gc,marking  ] GC(5) Concurrent Clear Claimed Marks
[2024-08-05T08:31:47.092+0000][gc,marking  ] GC(5) Concurrent Clear Claimed Marks 0.029ms
[2024-08-05T08:31:47.092+0000][gc,marking  ] GC(5) Concurrent Scan Root Regions
[2024-08-05T08:31:47.097+0000][gc,marking  ] GC(5) Concurrent Scan Root Regions 4.690ms
[2024-08-05T08:31:47.097+0000][gc,marking  ] GC(5) Concurrent Mark
[2024-08-05T08:31:47.097+0000][gc,marking  ] GC(5) Concurrent Mark From Roots
[2024-08-05T08:31:47.097+0000][gc,task     ] GC(5) Using 1 workers of 1 for marking
[2024-08-05T08:31:47.107+0000][gc,marking  ] GC(5) Concurrent Mark From Roots 10.019ms
[2024-08-05T08:31:47.107+0000][gc,marking  ] GC(5) Concurrent Preclean
[2024-08-05T08:31:47.107+0000][gc,marking  ] GC(5) Concurrent Preclean 0.295ms
[2024-08-05T08:31:47.108+0000][gc,start    ] GC(5) Pause Remark
[2024-08-05T08:31:47.110+0000][gc          ] GC(5) Pause Remark 146M->146M(1024M) 2.358ms
[2024-08-05T08:31:47.110+0000][gc,cpu      ] GC(5) User=0.00s Sys=0.00s Real=0.01s
[2024-08-05T08:31:47.110+0000][gc,marking  ] GC(5) Concurrent Mark 13.341ms
[2024-08-05T08:31:47.110+0000][gc,marking  ] GC(5) Concurrent Rebuild Remembered Sets
[2024-08-05T08:31:47.119+0000][gc,marking  ] GC(5) Concurrent Rebuild Remembered Sets 8.857ms
[2024-08-05T08:31:47.120+0000][gc,start    ] GC(5) Pause Cleanup
[2024-08-05T08:31:47.120+0000][gc          ] GC(5) Pause Cleanup 147M->147M(1024M) 0.174ms
[2024-08-05T08:31:47.120+0000][gc,cpu      ] GC(5) User=0.00s Sys=0.00s Real=0.00s
[2024-08-05T08:31:47.120+0000][gc,marking  ] GC(5) Concurrent Cleanup for Next Mark
[2024-08-05T08:31:47.124+0000][gc,marking  ] GC(5) Concurrent Cleanup for Next Mark 3.887ms
[2024-08-05T08:31:47.124+0000][gc          ] GC(5) Concurrent Mark Cycle 31.712ms
[2024-08-05T08:35:38.101+0000][gc,start    ] GC(6) Pause Young (Normal) (G1 Evacuation Pause)
[2024-08-05T08:35:38.101+0000][gc,task     ] GC(6) Using 4 workers of 4 for evacuation
[2024-08-05T08:35:38.105+0000][gc,phases   ] GC(6)   Pre Evacuate Collection Set: 0.1ms
[2024-08-05T08:35:38.105+0000][gc,phases   ] GC(6)   Merge Heap Roots: 0.1ms
[2024-08-05T08:35:38.105+0000][gc,phases   ] GC(6)   Evacuate Collection Set: 3.4ms
[2024-08-05T08:35:38.105+0000][gc,phases   ] GC(6)   Post Evacuate Collection Set: 0.4ms
[2024-08-05T08:35:38.105+0000][gc,phases   ] GC(6)   Other: 0.1ms
[2024-08-05T08:35:38.105+0000][gc,heap     ] GC(6) Eden regions: 49->0(46)
[2024-08-05T08:35:38.105+0000][gc,heap     ] GC(6) Survivor regions: 2->5(7)
[2024-08-05T08:35:38.105+0000][gc,heap     ] GC(6) Old regions: 14->14
[2024-08-05T08:35:38.105+0000][gc,heap     ] GC(6) Archive regions: 2->2
[2024-08-05T08:35:38.105+0000][gc,heap     ] GC(6) Humongous regions: 147->129
[2024-08-05T08:35:38.105+0000][gc,metaspace] GC(6) Metaspace: 42087K(42688K)->42087K(42688K) NonClass: 37062K(37440K)->37062K(37440K) Class: 5024K(5248K)->5024K(5248K)
[2024-08-05T08:35:38.105+0000][gc          ] GC(6) Pause Young (Normal) (G1 Evacuation Pause) 212M->147M(1024M) 4.213ms
[2024-08-05T08:35:38.105+0000][gc,cpu      ] GC(6) User=0.01s Sys=0.00s Real=0.01s
[2024-08-05T08:55:27.324+0000][gc,start    ] GC(7) Pause Young (Normal) (G1 Evacuation Pause)
[2024-08-05T08:55:27.324+0000][gc,task     ] GC(7) Using 4 workers of 4 for evacuation
[2024-08-05T08:55:27.329+0000][gc,phases   ] GC(7)   Pre Evacuate Collection Set: 0.1ms
[2024-08-05T08:55:27.329+0000][gc,phases   ] GC(7)   Merge Heap Roots: 0.1ms
[2024-08-05T08:55:27.329+0000][gc,phases   ] GC(7)   Evacuate Collection Set: 4.3ms
[2024-08-05T08:55:27.329+0000][gc,phases   ] GC(7)   Post Evacuate Collection Set: 0.3ms
[2024-08-05T08:55:27.329+0000][gc,phases   ] GC(7)   Other: 0.1ms
[2024-08-05T08:55:27.329+0000][gc,heap     ] GC(7) Eden regions: 46->0(47)
[2024-08-05T08:55:27.329+0000][gc,heap     ] GC(7) Survivor regions: 5->4(7)
[2024-08-05T08:55:27.329+0000][gc,heap     ] GC(7) Old regions: 14->15
[2024-08-05T08:55:27.329+0000][gc,heap     ] GC(7) Archive regions: 2->2
[2024-08-05T08:55:27.329+0000][gc,heap     ] GC(7) Humongous regions: 129->129
[2024-08-05T08:55:27.329+0000][gc,metaspace] GC(7) Metaspace: 42453K(43072K)->42453K(43072K) NonClass: 37401K(37760K)->37401K(37760K) Class: 5052K(5312K)->5052K(5312K)
[2024-08-05T08:55:27.329+0000][gc          ] GC(7) Pause Young (Normal) (G1 Evacuation Pause) 193M->148M(1024M) 5.205ms
[2024-08-05T08:55:27.329+0000][gc,cpu      ] GC(7) User=0.02s Sys=0.01s Real=0.00s
