[2024-08-05T08:20:26.045+0000][gc] Using G1
[2024-08-05T08:20:26.054+0000][gc,init] Version: 17.0.12+7-Ubuntu-1ubuntu220.04 (release)
[2024-08-05T08:20:26.054+0000][gc,init] CPUs: 4 total, 4 available
[2024-08-05T08:20:26.054+0000][gc,init] Memory: 15981M
[2024-08-05T08:20:26.054+0000][gc,init] Large Page Support: Disabled
[2024-08-05T08:20:26.054+0000][gc,init] NUMA Support: Disabled
[2024-08-05T08:20:26.054+0000][gc,init] Compressed Oops: Enabled (32-bit)
[2024-08-05T08:20:26.054+0000][gc,init] Heap Region Size: 1M
[2024-08-05T08:20:26.054+0000][gc,init] Heap Min Capacity: 512M
[2024-08-05T08:20:26.054+0000][gc,init] Heap Initial Capacity: 512M
[2024-08-05T08:20:26.054+0000][gc,init] Heap Max Capacity: 512M
[2024-08-05T08:20:26.054+0000][gc,init] Pre-touch: Disabled
[2024-08-05T08:20:26.054+0000][gc,init] Parallel Workers: 4
[2024-08-05T08:20:26.054+0000][gc,init] Concurrent Workers: 1
[2024-08-05T08:20:26.054+0000][gc,init] Concurrent Refinement Workers: 4
[2024-08-05T08:20:26.054+0000][gc,init] Periodic GC: Disabled
[2024-08-05T08:20:26.062+0000][gc,metaspace] CDS archive(s) mapped at: [0x00007ff967000000-0x00007ff967bc4000-0x00007ff967bc4000), size 12337152, SharedBaseAddress: 0x00007ff967000000, ArchiveRelocationMode: 1.
[2024-08-05T08:20:26.062+0000][gc,metaspace] Compressed class space mapped at: 0x00007ff968000000-0x00007ff9a8000000, reserved size: 1073741824
[2024-08-05T08:20:26.063+0000][gc,metaspace] Narrow klass base: 0x00007ff967000000, Narrow klass shift: 0, Narrow klass range: 0x100000000
[2024-08-05T08:20:36.305+0000][gc,heap,exit] Heap
[2024-08-05T08:20:36.305+0000][gc,heap,exit]  garbage-first heap   total 524288K, used 25010K [0x00000000e0000000, 0x0000000100000000)
[2024-08-05T08:20:36.305+0000][gc,heap,exit]   region size 1024K, 24 young (24576K), 0 survivors (0K)
[2024-08-05T08:20:36.305+0000][gc,heap,exit]  Metaspace       used 7665K, committed 7872K, reserved 1114112K
[2024-08-05T08:20:36.305+0000][gc,heap,exit]   class space    used 864K, committed 960K, reserved 1048576K
