[2024-08-05T08:31:09.520+0000][gc] Using G1
[2024-08-05T08:31:09.527+0000][gc,init] Version: 17.0.12+7-Ubuntu-1ubuntu220.04 (release)
[2024-08-05T08:31:09.527+0000][gc,init] CPUs: 4 total, 4 available
[2024-08-05T08:31:09.527+0000][gc,init] Memory: 15981M
[2024-08-05T08:31:09.527+0000][gc,init] Large Page Support: Disabled
[2024-08-05T08:31:09.527+0000][gc,init] NUMA Support: Disabled
[2024-08-05T08:31:09.527+0000][gc,init] Compressed Oops: Enabled (32-bit)
[2024-08-05T08:31:09.527+0000][gc,init] Heap Region Size: 1M
[2024-08-05T08:31:09.527+0000][gc,init] Heap Min Capacity: 512M
[2024-08-05T08:31:09.527+0000][gc,init] Heap Initial Capacity: 512M
[2024-08-05T08:31:09.527+0000][gc,init] Heap Max Capacity: 512M
[2024-08-05T08:31:09.527+0000][gc,init] Pre-touch: Disabled
[2024-08-05T08:31:09.527+0000][gc,init] Parallel Workers: 4
[2024-08-05T08:31:09.527+0000][gc,init] Concurrent Workers: 1
[2024-08-05T08:31:09.527+0000][gc,init] Concurrent Refinement Workers: 4
[2024-08-05T08:31:09.527+0000][gc,init] Periodic GC: Disabled
[2024-08-05T08:31:09.534+0000][gc,metaspace] CDS archive(s) mapped at: [0x000079071b000000-0x000079071bbc4000-0x000079071bbc4000), size 12337152, SharedBaseAddress: 0x000079071b000000, ArchiveRelocationMode: 1.
[2024-08-05T08:31:09.534+0000][gc,metaspace] Compressed class space mapped at: 0x000079071c000000-0x000079075c000000, reserved size: 1073741824
[2024-08-05T08:31:09.534+0000][gc,metaspace] Narrow klass base: 0x000079071b000000, Narrow klass shift: 0, Narrow klass range: 0x100000000
[2024-08-05T08:31:10.345+0000][gc,heap,exit] Heap
[2024-08-05T08:31:10.345+0000][gc,heap,exit]  garbage-first heap   total 524288K, used 26034K [0x00000000e0000000, 0x0000000100000000)
[2024-08-05T08:31:10.345+0000][gc,heap,exit]   region size 1024K, 25 young (25600K), 0 survivors (0K)
[2024-08-05T08:31:10.345+0000][gc,heap,exit]  Metaspace       used 7922K, committed 8128K, reserved 1114112K
[2024-08-05T08:31:10.345+0000][gc,heap,exit]   class space    used 884K, committed 960K, reserved 1048576K
