[2024-08-05T12:56:34.382+0000][gc] Using G1
[2024-08-05T12:56:34.389+0000][gc,init] Version: 17.0.12+7-Ubuntu-1ubuntu220.04 (release)
[2024-08-05T12:56:34.389+0000][gc,init] CPUs: 4 total, 4 available
[2024-08-05T12:56:34.389+0000][gc,init] Memory: 15981M
[2024-08-05T12:56:34.389+0000][gc,init] Large Page Support: Disabled
[2024-08-05T12:56:34.389+0000][gc,init] NUMA Support: Disabled
[2024-08-05T12:56:34.389+0000][gc,init] Compressed Oops: Enabled (32-bit)
[2024-08-05T12:56:34.389+0000][gc,init] Heap Region Size: 1M
[2024-08-05T12:56:34.389+0000][gc,init] Heap Min Capacity: 512M
[2024-08-05T12:56:34.389+0000][gc,init] Heap Initial Capacity: 512M
[2024-08-05T12:56:34.389+0000][gc,init] Heap Max Capacity: 512M
[2024-08-05T12:56:34.389+0000][gc,init] Pre-touch: Disabled
[2024-08-05T12:56:34.389+0000][gc,init] Parallel Workers: 4
[2024-08-05T12:56:34.389+0000][gc,init] Concurrent Workers: 1
[2024-08-05T12:56:34.389+0000][gc,init] Concurrent Refinement Workers: 4
[2024-08-05T12:56:34.389+0000][gc,init] Periodic GC: Disabled
[2024-08-05T12:56:34.396+0000][gc,metaspace] CDS archive(s) mapped at: [0x00007d103f000000-0x00007d103fbc4000-0x00007d103fbc4000), size 12337152, SharedBaseAddress: 0x00007d103f000000, ArchiveRelocationMode: 1.
[2024-08-05T12:56:34.396+0000][gc,metaspace] Compressed class space mapped at: 0x00007d1040000000-0x00007d1080000000, reserved size: 1073741824
[2024-08-05T12:56:34.396+0000][gc,metaspace] Narrow klass base: 0x00007d103f000000, Narrow klass shift: 0, Narrow klass range: 0x100000000
[2024-08-05T12:57:14.778+0000][gc,start    ] GC(0) Pause Young (Normal) (G1 Evacuation Pause)
[2024-08-05T12:57:14.779+0000][gc,task     ] GC(0) Using 4 workers of 4 for evacuation
[2024-08-05T12:57:14.783+0000][gc,phases   ] GC(0)   Pre Evacuate Collection Set: 0.1ms
[2024-08-05T12:57:14.784+0000][gc,phases   ] GC(0)   Merge Heap Roots: 0.0ms
[2024-08-05T12:57:14.784+0000][gc,phases   ] GC(0)   Evacuate Collection Set: 4.3ms
[2024-08-05T12:57:14.784+0000][gc,phases   ] GC(0)   Post Evacuate Collection Set: 0.3ms
[2024-08-05T12:57:14.784+0000][gc,phases   ] GC(0)   Other: 0.4ms
[2024-08-05T12:57:14.784+0000][gc,heap     ] GC(0) Eden regions: 25->0(21)
[2024-08-05T12:57:14.784+0000][gc,heap     ] GC(0) Survivor regions: 0->4(4)
[2024-08-05T12:57:14.784+0000][gc,heap     ] GC(0) Old regions: 0->4
[2024-08-05T12:57:14.784+0000][gc,heap     ] GC(0) Archive regions: 2->2
[2024-08-05T12:57:14.784+0000][gc,heap     ] GC(0) Humongous regions: 0->0
[2024-08-05T12:57:14.784+0000][gc,metaspace] GC(0) Metaspace: 8054K(8256K)->8054K(8256K) NonClass: 7143K(7232K)->7143K(7232K) Class: 910K(1024K)->910K(1024K)
[2024-08-05T12:57:14.784+0000][gc          ] GC(0) Pause Young (Normal) (G1 Evacuation Pause) 25M->8M(512M) 5.303ms
[2024-08-05T12:57:14.784+0000][gc,cpu      ] GC(0) User=0.01s Sys=0.00s Real=0.01s
