[2024-08-05T08:20:46.485+0000][gc] Using G1
[2024-08-05T08:20:46.495+0000][gc,init] Version: 17.0.12+7-Ubuntu-1ubuntu220.04 (release)
[2024-08-05T08:20:46.495+0000][gc,init] CPUs: 4 total, 4 available
[2024-08-05T08:20:46.495+0000][gc,init] Memory: 15981M
[2024-08-05T08:20:46.495+0000][gc,init] Large Page Support: Disabled
[2024-08-05T08:20:46.495+0000][gc,init] NUMA Support: Disabled
[2024-08-05T08:20:46.495+0000][gc,init] Compressed Oops: Enabled (32-bit)
[2024-08-05T08:20:46.495+0000][gc,init] Heap Region Size: 1M
[2024-08-05T08:20:46.495+0000][gc,init] Heap Min Capacity: 512M
[2024-08-05T08:20:46.496+0000][gc,init] Heap Initial Capacity: 512M
[2024-08-05T08:20:46.496+0000][gc,init] Heap Max Capacity: 512M
[2024-08-05T08:20:46.496+0000][gc,init] Pre-touch: Disabled
[2024-08-05T08:20:46.496+0000][gc,init] Parallel Workers: 4
[2024-08-05T08:20:46.496+0000][gc,init] Concurrent Workers: 1
[2024-08-05T08:20:46.496+0000][gc,init] Concurrent Refinement Workers: 4
[2024-08-05T08:20:46.496+0000][gc,init] Periodic GC: Disabled
[2024-08-05T08:20:46.503+0000][gc,metaspace] CDS archive(s) mapped at: [0x0000738d1b000000-0x0000738d1bbc4000-0x0000738d1bbc4000), size 12337152, SharedBaseAddress: 0x0000738d1b000000, ArchiveRelocationMode: 1.
[2024-08-05T08:20:46.503+0000][gc,metaspace] Compressed class space mapped at: 0x0000738d1c000000-0x0000738d5c000000, reserved size: 1073741824
[2024-08-05T08:20:46.503+0000][gc,metaspace] Narrow klass base: 0x0000738d1b000000, Narrow klass shift: 0, Narrow klass range: 0x100000000
[2024-08-05T08:21:18.353+0000][gc,start    ] GC(0) Pause Young (Normal) (G1 Evacuation Pause)
[2024-08-05T08:21:18.354+0000][gc,task     ] GC(0) Using 4 workers of 4 for evacuation
[2024-08-05T08:21:18.359+0000][gc,phases   ] GC(0)   Pre Evacuate Collection Set: 0.1ms
[2024-08-05T08:21:18.359+0000][gc,phases   ] GC(0)   Merge Heap Roots: 0.0ms
[2024-08-05T08:21:18.359+0000][gc,phases   ] GC(0)   Evacuate Collection Set: 4.8ms
[2024-08-05T08:21:18.359+0000][gc,phases   ] GC(0)   Post Evacuate Collection Set: 0.3ms
[2024-08-05T08:21:18.359+0000][gc,phases   ] GC(0)   Other: 0.5ms
[2024-08-05T08:21:18.359+0000][gc,heap     ] GC(0) Eden regions: 25->0(21)
[2024-08-05T08:21:18.359+0000][gc,heap     ] GC(0) Survivor regions: 0->4(4)
[2024-08-05T08:21:18.359+0000][gc,heap     ] GC(0) Old regions: 0->4
[2024-08-05T08:21:18.359+0000][gc,heap     ] GC(0) Archive regions: 2->2
[2024-08-05T08:21:18.359+0000][gc,heap     ] GC(0) Humongous regions: 0->0
[2024-08-05T08:21:18.359+0000][gc,metaspace] GC(0) Metaspace: 8020K(8192K)->8020K(8192K) NonClass: 7110K(7168K)->7110K(7168K) Class: 910K(1024K)->910K(1024K)
[2024-08-05T08:21:18.359+0000][gc          ] GC(0) Pause Young (Normal) (G1 Evacuation Pause) 25M->8M(512M) 5.955ms
[2024-08-05T08:21:18.359+0000][gc,cpu      ] GC(0) User=0.01s Sys=0.00s Real=0.00s
[2024-08-05T08:29:55.417+0000][gc,heap,exit] Heap
[2024-08-05T08:29:55.417+0000][gc,heap,exit]  garbage-first heap   total 524288K, used 17304K [0x00000000e0000000, 0x0000000100000000)
[2024-08-05T08:29:55.417+0000][gc,heap,exit]   region size 1024K, 13 young (13312K), 4 survivors (4096K)
[2024-08-05T08:29:55.417+0000][gc,heap,exit]  Metaspace       used 8673K, committed 8832K, reserved 1114112K
[2024-08-05T08:29:55.417+0000][gc,heap,exit]   class space    used 934K, committed 1024K, reserved 1048576K
